#-----------------------------------------------------------
# Vivado v2017.1 (64-bit)
# SW Build 1846317 on Fri Apr 14 18:54:47 MDT 2017
# IP Build 1846188 on Fri Apr 14 20:52:08 MDT 2017
# Start of session at: Mon Jan 25 18:52:04 2021
# Process ID: 15030
# Current directory: /home/christian/git/ReconROS_Examples/HDMI_Out/PynqZ1
# Command line: vivado
# Log file: /home/christian/git/ReconROS_Examples/HDMI_Out/PynqZ1/vivado.log
# Journal file: /home/christian/git/ReconROS_Examples/HDMI_Out/PynqZ1/vivado.jou
#-----------------------------------------------------------
start_gui
open_project /home/christian/git/ReconROS_Examples/HDMI_Out/PynqZ1/build.hw/myReconOS.xpr
update_compile_order -fileset sources_1
open_bd_design {/home/christian/git/ReconROS_Examples/HDMI_Out/PynqZ1/build.hw/myReconOS.srcs/sources_1/bd/design_1/design_1.bd}
disconnect_bd_net /reset_0_peripheral_aresetn [get_bd_pins clk_wiz_0/resetn]
startgroup
set_property -dict [list CONFIG.USE_LOCKED {false} CONFIG.USE_RESET {false} CONFIG.RESET_TYPE {ACTIVE_HIGH} CONFIG.RESET_PORT {reset}] [get_bd_cells clk_wiz_0]
endgroup
save_bd_design
reset_run synth_1
reset_run design_1_clk_wiz_0_0_synth_1
launch_runs impl_1 -to_step write_bitstream -jobs 6
wait_on_run impl_1
